// Jest Snapshot v1, https://goo.gl/fbAQLP

exports[`<Main/> should render the heading 1`] = `
.c0 {
  background-color: #1b2936;
  color: #fff;
  width: 100%;
  height: 100%;
  padding: 3rem;
  text-align: center;
  display: -webkit-box;
  display: -webkit-flex;
  display: -ms-flexbox;
  display: flex;
  -webkit-flex-direction: column;
  -ms-flex-direction: column;
  flex-direction: column;
  -webkit-align-items: center;
  -webkit-box-align: center;
  -ms-flex-align: center;
  align-items: center;
  -webkit-box-pack: center;
  -webkit-justify-content: center;
  -ms-flex-pack: center;
  justify-content: center;
}

.c1 {
  width: 25rem;
  height: 5.5rem;
  margin-bottom: 2rem;
}

.c2 {
  font-size: 2rem;
  width: 45rem;
  line-height: 2rem;
  margin: 2rem;
}

.c3 {
  font-size: 1.6rem;
  -webkit-letter-spacing: 0.1rem;
  -moz-letter-spacing: 0.1rem;
  -ms-letter-spacing: 0.1rem;
  letter-spacing: 0.1rem;
  font-weight: 200;
  color: lightgrey;
}

.c4 {
  margin-top: 3rem;
  width: min(30rem,100%);
  height: min(30rem,100%);
}

<main
  class="c0"
>
  <main>
    <img
      alt="Um Rosto com Capuz, simbolizando o logo, e o nome Phantom Software House ao lado"
      class="c1"
      src="/img/logo.svg"
    />
    <h1
      class="c2"
    >
      Desenvolvimento de Software e Aplicativos Personalizados de Alta Performance
    </h1>
    <h2
      class="c3"
    >
      Uma idéia no papel, é só uma idéia...
    </h2>
    <img
      alt="Desenvolvedor sentado de frente para telas com códigos"
      class="c4"
      src="/img/hero-illustration.svg"
    />
    <br />
  </main>
</main>
`
